// Jest Snapshot v1, https://goo.gl/fbAQLP

exports[`testing Devices.tsx testing Device List 1`] = `
<div
  class="devicesPage"
  data-testid="devices-page"
>
  <div
    class="Sidebar"
    data-testid="sidebar"
  >
    <h1
      class="title"
    >
      Сортировка
    </h1>
    <select
      name="dropdown"
    >
      <option
        value="datedesc"
      >
        Сначала новые
      </option>
      <option
        value="dateasc"
      >
        Сначала старые
      </option>
      <option
        value="pricedesc"
      >
        По убыванию цены
      </option>
      <option
        value="priceasc"
      >
        По возрастанию цены
      </option>
      <option
        value="name"
      >
        По названию
      </option>
    </select>
    <button
      class="Button attributesBtn"
    >
      <div />
    </button>
    <div />
    <div>
      Загрузка фильтров...
    </div>
  </div>
  <div
    class="devices"
  >
    <div
      class="device"
      data-testid="device-item"
    >
      <img
        class="image"
        src="https://store-server.shodon.ru/imgdsfdsfsfsf"
      />
      <div
        class="center"
      >
        <div
          class="top"
        >
          <span
            class="Title "
            data-testid="title"
          >
            shodon store
          </span>
          <div
            class="attributes"
          >
            <div
              class="attribute"
            >
              <span
                class="attribute_title"
              >
                ОЗУ
              </span>
              :
              <span
                class="attribute_description"
              >
                15gb
              </span>
            </div>
          </div>
        </div>
        <div
          class="bottom"
        >
          <div>
            NaN
             отзывов
          </div>
          <div
            class="rate"
          >
            <div
              class="container"
            >
              <div
                class="stars"
                style="width: 100%;"
              >
                <div />
                <div />
                <div />
                <div />
                <div />
              </div>
            </div>
            <div />
            <div />
            <div />
            <div />
            <div />
          </div>
        </div>
      </div>
      <div
        class="right"
      >
        <span
          class="Title "
          data-testid="title"
        >
          150000
          ₽
        </span>
        <button
          class="Button "
        >
          В корзину
        </button>
      </div>
    </div>
    <div
      class="device"
      data-testid="device-item"
    >
      <img
        class="image"
        src="https://store-server.shodon.ru/imgdsfdsfsfsf"
      />
      <div
        class="center"
      >
        <div
          class="top"
        >
          <span
            class="Title "
            data-testid="title"
          >
            superdfjklsdjf
          </span>
          <div
            class="attributes"
          >
            <div
              class="attribute"
            >
              <span
                class="attribute_title"
              >
                ОЗУ
              </span>
              :
              <span
                class="attribute_description"
              >
                15gb
              </span>
            </div>
            <div
              class="attribute"
            >
              <span
                class="attribute_title"
              >
                память
              </span>
              :
              <span
                class="attribute_description"
              >
                12gb
              </span>
            </div>
          </div>
        </div>
        <div
          class="bottom"
        >
          <div>
            NaN
             отзывов
          </div>
          <div
            class="rate"
          >
            <div
              class="container"
            >
              <div
                class="stars"
                style="width: 100%;"
              >
                <div />
                <div />
                <div />
                <div />
                <div />
              </div>
            </div>
            <div />
            <div />
            <div />
            <div />
            <div />
          </div>
        </div>
      </div>
      <div
        class="right"
      >
        <span
          class="Title "
          data-testid="title"
        >
          150000
          ₽
        </span>
        <button
          class="Button "
        >
          В корзину
        </button>
      </div>
    </div>
  </div>
</div>
`;
