// Jest Snapshot v1, https://goo.gl/fbAQLP

exports[`testing sidebar testing attributes 1`] = `
<div
  class="Sidebar"
  data-testid="sidebar"
>
  <h1
    class="title"
  >
    Сортировка
  </h1>
  <select
    name="dropdown"
  >
    <option
      value="datedesc"
    >
      Сначала новые
    </option>
    <option
      value="dateasc"
    >
      Сначала старые
    </option>
    <option
      value="pricedesc"
    >
      По убыванию цены
    </option>
    <option
      value="priceasc"
    >
      По возрастанию цены
    </option>
    <option
      value="name"
    >
      По названию
    </option>
  </select>
  <button
    class="Button attributesBtn"
  >
    <div />
  </button>
  <div />
  <div
    class="attributeList attributesDesctop"
  >
    <div>
      <span
        class="attributeTitle"
      >
        NFC
      </span>
      <div
        class="attributes"
      >
        <button
          class="Button smallest attribute"
          data-testid="attribute-button"
        >
          <span>
            ЕСТЬ
          </span>
        </button>
        <button
          class="Button smallest attribute"
          data-testid="attribute-button"
        >
          <span>
            НЕТ
          </span>
        </button>
      </div>
    </div>
    <div>
      <span
        class="attributeTitle"
      >
        Камера
      </span>
      <div
        class="attributes"
      >
        <button
          class="Button smallest attribute"
          data-testid="attribute-button"
        >
          <span>
            8mp
          </span>
        </button>
        <button
          class="Button smallest attribute"
          data-testid="attribute-button"
        >
          <span>
            12mp
          </span>
        </button>
      </div>
    </div>
    <div>
      <span
        class="attributeTitle"
      >
        Озу
      </span>
      <div
        class="attributes"
      >
        <button
          class="Button smallest attribute"
          data-testid="attribute-button"
        >
          <span>
            6gb
          </span>
        </button>
        <button
          class="Button smallest attribute"
          data-testid="attribute-button"
        >
          <span>
            8gb
          </span>
        </button>
      </div>
    </div>
  </div>
</div>
`;
